// Vitest Snapshot v1, https://vitest.dev/guide/snapshot.html

exports[`<RateInput /> > It should render rate input component as expected 1`] = `
<body>
  <div>
    <div
      class="_rateInputContainer_c17dbd"
    >
      <div
        class="_rate_c17dbd"
      >
        <input
          id="star4"
          name="rating"
          type="radio"
          value="4"
        />
        <label
          class="_star_c17dbd"
          for="star4"
          id="label-star-4"
        >
          ★
        </label>
        <input
          id="star3"
          name="rating"
          type="radio"
          value="3"
        />
        <label
          class="_star_c17dbd"
          for="star3"
          id="label-star-3"
        >
          ★
        </label>
        <input
          id="star2"
          name="rating"
          type="radio"
          value="2"
        />
        <label
          class="_star_c17dbd"
          for="star2"
          id="label-star-2"
        >
          ★
        </label>
        <input
          id="star1"
          name="rating"
          type="radio"
          value="1"
        />
        <label
          class="_star_c17dbd"
          for="star1"
          id="label-star-1"
        >
          ★
        </label>
        <input
          id="star0"
          name="rating"
          type="radio"
          value="0"
        />
        <label
          class="_star_c17dbd"
          for="star0"
          id="label-star-0"
        >
          ★
        </label>
      </div>
      <div
        class="_comment_c17dbd"
      >
        <label
          for="comment"
        >
          Tell us more:
        </label>
        <br />
        <textarea
          id="comment"
          name="comment"
        >
          Test comment
        </textarea>
      </div>
    </div>
  </div>
</body>
`;
