// Vitest Snapshot v1, https://vitest.dev/guide/snapshot.html

exports[`<HeaderActions /> > it should match a snapshot when user is signed in by default > Signed In 1`] = `
<body>
  <div>
    <div
      class="_headerActions_99caa7"
    >
      <div
        class="_notifications_99caa7"
      >
        <button
          class="_notificationButton_99caa7"
        >
          <svg
            aria-label="notifications-bell"
            fill="currentColor"
            height="1em"
            stroke="currentColor"
            stroke-width="0"
            viewBox="0 0 448 512"
            width="1em"
            xmlns="http://www.w3.org/2000/svg"
          >
            <path
              d="M224 512c35.32 0 63.97-28.65 63.97-64H160.03c0 35.35 28.65 64 63.97 64zm215.39-149.71c-19.32-20.76-55.47-51.99-55.47-154.29 0-77.7-54.48-139.9-127.94-155.16V32c0-17.67-14.32-32-31.98-32s-31.98 14.33-31.98 32v20.84C118.56 68.1 64.08 130.3 64.08 208c0 102.3-36.15 133.53-55.47 154.29-6 6.45-8.66 14.16-8.61 21.71.11 16.4 12.98 32 32.1 32h383.8c19.12 0 32-15.6 32.1-32 .05-7.55-2.61-15.27-8.61-21.71z"
            />
          </svg>
        </button>
        <div
          class="_notificationDropdown_99caa7"
        >
          <div
            class="_notificationHeader_99caa7"
          >
            <h3>
              Notifications
            </h3>
            <button
              class="_clearButton_99caa7"
            >
              Clear All
            </button>
          </div>
          <div
            class="_notificationList_99caa7"
          />
        </div>
      </div>
      <button
        class="_signOutButton_99caa7"
      >
        Sign Out
      </button>
    </div>
  </div>
</body>
`;

exports[`<HeaderActions /> > it should match a snapshot when user is signed out by default > Signed Out 1`] = `
<body>
  <div>
    <div
      class="_headerActions_99caa7"
    >
      <a
        class="_signInButton_99caa7"
        href="/auth/signin"
      >
        Sign In
      </a>
    </div>
  </div>
</body>
`;
