// Vitest Snapshot v1, https://vitest.dev/guide/snapshot.html

exports[`<OrdersLayout /> > it should match a snapshot when rendered by default 1`] = `
<body>
  <div>
    <div
      class="_ordersContent_72370e"
    >
      <div
        class="_ordersFilters_9576c6"
      >
        <div
          class="_searchInput_9576c6"
        >
          <svg
            class="_searchIcon_9576c6"
            fill="currentColor"
            height="1em"
            stroke="currentColor"
            stroke-width="0"
            viewBox="0 0 512 512"
            width="1em"
            xmlns="http://www.w3.org/2000/svg"
          >
            <path
              d="M505 442.7L405.3 343c-4.5-4.5-10.6-7-17-7H372c27.6-35.3 44-79.7 44-128C416 93.1 322.9 0 208 0S0 93.1 0 208s93.1 208 208 208c48.3 0 92.7-16.4 128-44v16.3c0 6.4 2.5 12.5 7 17l99.7 99.7c9.4 9.4 24.6 9.4 33.9 0l28.3-28.3c9.4-9.4 9.4-24.6.1-34zM208 336c-70.7 0-128-57.2-128-128 0-70.7 57.2-128 128-128 70.7 0 128 57.2 128 128 0 70.7-57.2 128-128 128z"
            />
          </svg>
          <input
            id="searchInput"
            placeholder="Search orders..."
            type="text"
            value=""
          />
        </div>
        <div
          class="css-b62m3t-container"
          id="userSelect"
        >
          <span
            class="css-1f43avz-a11yText-A11yText"
            id="react-select-2-live-region"
          />
          <span
            aria-atomic="false"
            aria-live="polite"
            aria-relevant="additions text"
            class="css-1f43avz-a11yText-A11yText"
            role="log"
          />
          <div
            class="css-13cymwt-control"
          >
            <div
              class="css-hlgwow"
            >
              <div
                class="css-1dimb5e-singleValue"
              >
                Any user
              </div>
              <div
                class="css-19bb58m"
                data-value=""
              >
                <input
                  aria-activedescendant=""
                  aria-autocomplete="list"
                  aria-expanded="false"
                  aria-haspopup="true"
                  autocapitalize="none"
                  autocomplete="off"
                  autocorrect="off"
                  class=""
                  id="react-select-2-input"
                  role="combobox"
                  spellcheck="false"
                  style="opacity: 1; width: 100%; grid-area: 1 / 2; min-width: 2px; border: 0px; margin: 0px; outline: 0; padding: 0px;"
                  tabindex="0"
                  type="text"
                  value=""
                />
              </div>
            </div>
            <div
              class="css-1wy0on6"
            >
              <span
                class="css-1u9des2-indicatorSeparator"
              />
              <div
                aria-hidden="true"
                class="css-1xc3v61-indicatorContainer"
              >
                <svg
                  aria-hidden="true"
                  class="css-tj5bde-Svg"
                  focusable="false"
                  height="20"
                  viewBox="0 0 20 20"
                  width="20"
                >
                  <path
                    d="M4.516 7.548c0.436-0.446 1.043-0.481 1.576 0l3.908 3.747 3.908-3.747c0.533-0.481 1.141-0.446 1.574 0 0.436 0.445 0.408 1.197 0 1.615-0.406 0.418-4.695 4.502-4.695 4.502-0.217 0.223-0.502 0.335-0.787 0.335s-0.57-0.112-0.789-0.335c0 0-4.287-4.084-4.695-4.502s-0.436-1.17 0-1.615z"
                  />
                </svg>
              </div>
            </div>
          </div>
        </div>
        <div
          class="css-b62m3t-container"
          id="statusSelect"
        >
          <span
            class="css-1f43avz-a11yText-A11yText"
            id="react-select-3-live-region"
          />
          <span
            aria-atomic="false"
            aria-live="polite"
            aria-relevant="additions text"
            class="css-1f43avz-a11yText-A11yText"
            role="log"
          />
          <div
            class="css-13cymwt-control"
          >
            <div
              class="css-hlgwow"
            >
              <div
                class="css-1dimb5e-singleValue"
              >
                Any status
              </div>
              <div
                class="css-19bb58m"
                data-value=""
              >
                <input
                  aria-activedescendant=""
                  aria-autocomplete="list"
                  aria-expanded="false"
                  aria-haspopup="true"
                  autocapitalize="none"
                  autocomplete="off"
                  autocorrect="off"
                  class=""
                  id="react-select-3-input"
                  role="combobox"
                  spellcheck="false"
                  style="opacity: 1; width: 100%; grid-area: 1 / 2; min-width: 2px; border: 0px; margin: 0px; outline: 0; padding: 0px;"
                  tabindex="0"
                  type="text"
                  value=""
                />
              </div>
            </div>
            <div
              class="css-1wy0on6"
            >
              <span
                class="css-1u9des2-indicatorSeparator"
              />
              <div
                aria-hidden="true"
                class="css-1xc3v61-indicatorContainer"
              >
                <svg
                  aria-hidden="true"
                  class="css-tj5bde-Svg"
                  focusable="false"
                  height="20"
                  viewBox="0 0 20 20"
                  width="20"
                >
                  <path
                    d="M4.516 7.548c0.436-0.446 1.043-0.481 1.576 0l3.908 3.747 3.908-3.747c0.533-0.481 1.141-0.446 1.574 0 0.436 0.445 0.408 1.197 0 1.615-0.406 0.418-4.695 4.502-4.695 4.502-0.217 0.223-0.502 0.335-0.787 0.335s-0.57-0.112-0.789-0.335c0 0-4.287-4.084-4.695-4.502s-0.436-1.17 0-1.615z"
                  />
                </svg>
              </div>
            </div>
          </div>
        </div>
      </div>
      <table
        class="_ordersTable_eb8f56"
      >
        <thead
          class="_ordersTableHeader_eb8f56"
        >
          <th
            class="_headerData_eb8f56"
          >
            Ticket title
          </th>
          <th
            class="_headerData_eb8f56"
          >
            Price($)
          </th>
          <th
            class="_headerData_eb8f56"
          >
            User
          </th>
          <th
            class="_headerData_eb8f56"
          >
            Status
          </th>
          <th
            class="_headerData_eb8f56"
          >
            Expires at
          </th>
          <th
            class="_headerData_eb8f56"
          >
            Actions
          </th>
        </thead>
        <tbody>
          <tr
            class="_ordersTableRow_eb8f56"
          >
            <td
              class="_tableItem_eb8f56"
            >
              Taylor Swift Eras Tour
            </td>
            <td
              class="_tableItem_eb8f56"
            >
              280.00
            </td>
            <td
              class="_tableItem_eb8f56"
            >
              Ante Rade
            </td>
            <td
              class="_tableItem_eb8f56"
            >
              created
            </td>
            <td
              class="_tableItem_eb8f56"
            >
              19:37
            </td>
            <td
              class="_tableItem_eb8f56"
            >
              <a
                class="_openOrderLink_eb8f56"
                href="/orders/o1"
              >
                Open
              </a>
            </td>
          </tr>
          <tr
            class="_ordersTableRow_eb8f56"
          >
            <td
              class="_tableItem_eb8f56"
            >
              Champions League Final
            </td>
            <td
              class="_tableItem_eb8f56"
            >
              320.00
            </td>
            <td
              class="_tableItem_eb8f56"
            >
              Marcus Millford
            </td>
            <td
              class="_tableItem_eb8f56"
            >
              created
            </td>
            <td
              class="_tableItem_eb8f56"
            >
              19:37
            </td>
            <td
              class="_tableItem_eb8f56"
            >
              <a
                class="_openOrderLink_eb8f56"
                href="/orders/o2"
              >
                Open
              </a>
            </td>
          </tr>
          <tr
            class="_ordersTableRow_eb8f56"
          >
            <td
              class="_tableItem_eb8f56"
            >
              The Lion King
            </td>
            <td
              class="_tableItem_eb8f56"
            >
              120.00
            </td>
            <td
              class="_tableItem_eb8f56"
            >
              Matt Fitzgerald
            </td>
            <td
              class="_tableItem_eb8f56"
            >
              created
            </td>
            <td
              class="_tableItem_eb8f56"
            >
              19:37
            </td>
            <td
              class="_tableItem_eb8f56"
            >
              <a
                class="_openOrderLink_eb8f56"
                href="/orders/o3"
              >
                Open
              </a>
            </td>
          </tr>
          <tr
            class="_ordersTableRow_eb8f56"
          >
            <td
              class="_tableItem_eb8f56"
            >
              Coldplay World Tour
            </td>
            <td
              class="_tableItem_eb8f56"
            >
              200.00
            </td>
            <td
              class="_tableItem_eb8f56"
            >
              Marin Miletić
            </td>
            <td
              class="_tableItem_eb8f56"
            >
              created
            </td>
            <td
              class="_tableItem_eb8f56"
            >
              19:37
            </td>
            <td
              class="_tableItem_eb8f56"
            >
              <a
                class="_openOrderLink_eb8f56"
                href="/orders/o4"
              >
                Open
              </a>
            </td>
          </tr>
          <tr
            class="_ordersTableRow_eb8f56"
          >
            <td
              class="_tableItem_eb8f56"
            >
              Super Bowl LVIII
            </td>
            <td
              class="_tableItem_eb8f56"
            >
              800.00
            </td>
            <td
              class="_tableItem_eb8f56"
            >
              John Washington
            </td>
            <td
              class="_tableItem_eb8f56"
            >
              created
            </td>
            <td
              class="_tableItem_eb8f56"
            >
              19:37
            </td>
            <td
              class="_tableItem_eb8f56"
            >
              <a
                class="_openOrderLink_eb8f56"
                href="/orders/o5"
              >
                Open
              </a>
            </td>
          </tr>
          <tr
            class="_ordersTableRow_eb8f56"
          >
            <td
              class="_tableItem_eb8f56"
            >
              Phantom of the Opera
            </td>
            <td
              class="_tableItem_eb8f56"
            >
              140.00
            </td>
            <td
              class="_tableItem_eb8f56"
            >
              Sarah Johnson
            </td>
            <td
              class="_tableItem_eb8f56"
            >
              created
            </td>
            <td
              class="_tableItem_eb8f56"
            >
              19:38
            </td>
            <td
              class="_tableItem_eb8f56"
            >
              <a
                class="_openOrderLink_eb8f56"
                href="/orders/o6"
              >
                Open
              </a>
            </td>
          </tr>
          <tr
            class="_ordersTableRow_eb8f56"
          >
            <td
              class="_tableItem_eb8f56"
            >
              Drake It's All A Blur Tour
            </td>
            <td
              class="_tableItem_eb8f56"
            >
              250.00
            </td>
            <td
              class="_tableItem_eb8f56"
            >
              Michael Chen
            </td>
            <td
              class="_tableItem_eb8f56"
            >
              created
            </td>
            <td
              class="_tableItem_eb8f56"
            >
              19:38
            </td>
            <td
              class="_tableItem_eb8f56"
            >
              <a
                class="_openOrderLink_eb8f56"
                href="/orders/o7"
              >
                Open
              </a>
            </td>
          </tr>
          <tr
            class="_ordersTableRow_eb8f56"
          >
            <td
              class="_tableItem_eb8f56"
            >
              NBA All-Star Game
            </td>
            <td
              class="_tableItem_eb8f56"
            >
              380.00
            </td>
            <td
              class="_tableItem_eb8f56"
            >
              Emma Wilson
            </td>
            <td
              class="_tableItem_eb8f56"
            >
              created
            </td>
            <td
              class="_tableItem_eb8f56"
            >
              19:38
            </td>
            <td
              class="_tableItem_eb8f56"
            >
              <a
                class="_openOrderLink_eb8f56"
                href="/orders/o8"
              >
                Open
              </a>
            </td>
          </tr>
          <tr
            class="_ordersTableRow_eb8f56"
          >
            <td
              class="_tableItem_eb8f56"
            >
              Book of Mormon
            </td>
            <td
              class="_tableItem_eb8f56"
            >
              170.00
            </td>
            <td
              class="_tableItem_eb8f56"
            >
              David Brown
            </td>
            <td
              class="_tableItem_eb8f56"
            >
              created
            </td>
            <td
              class="_tableItem_eb8f56"
            >
              19:38
            </td>
            <td
              class="_tableItem_eb8f56"
            >
              <a
                class="_openOrderLink_eb8f56"
                href="/orders/o9"
              >
                Open
              </a>
            </td>
          </tr>
          <tr
            class="_ordersTableRow_eb8f56"
          >
            <td
              class="_tableItem_eb8f56"
            >
              Post Malone Tour
            </td>
            <td
              class="_tableItem_eb8f56"
            >
              220.00
            </td>
            <td
              class="_tableItem_eb8f56"
            >
              Lisa Anderson
            </td>
            <td
              class="_tableItem_eb8f56"
            >
              created
            </td>
            <td
              class="_tableItem_eb8f56"
            >
              19:38
            </td>
            <td
              class="_tableItem_eb8f56"
            >
              <a
                class="_openOrderLink_eb8f56"
                href="/orders/o10"
              >
                Open
              </a>
            </td>
          </tr>
          <tr
            class="_ordersTableRow_eb8f56"
          >
            <td
              class="_tableItem_eb8f56"
            >
              Wimbledon Finals
            </td>
            <td
              class="_tableItem_eb8f56"
            >
              280.00
            </td>
            <td
              class="_tableItem_eb8f56"
            >
              James Taylor
            </td>
            <td
              class="_tableItem_eb8f56"
            >
              created
            </td>
            <td
              class="_tableItem_eb8f56"
            >
              19:38
            </td>
            <td
              class="_tableItem_eb8f56"
            >
              <a
                class="_openOrderLink_eb8f56"
                href="/orders/o11"
              >
                Open
              </a>
            </td>
          </tr>
          <tr
            class="_ordersTableRow_eb8f56"
          >
            <td
              class="_tableItem_eb8f56"
            >
              Mamma Mia!
            </td>
            <td
              class="_tableItem_eb8f56"
            >
              150.00
            </td>
            <td
              class="_tableItem_eb8f56"
            >
              Sophie Martin
            </td>
            <td
              class="_tableItem_eb8f56"
            >
              created
            </td>
            <td
              class="_tableItem_eb8f56"
            >
              19:38
            </td>
            <td
              class="_tableItem_eb8f56"
            >
              <a
                class="_openOrderLink_eb8f56"
                href="/orders/o12"
              >
                Open
              </a>
            </td>
          </tr>
          <tr
            class="_ordersTableRow_eb8f56"
          >
            <td
              class="_tableItem_eb8f56"
            >
              Bruno Mars Las Vegas
            </td>
            <td
              class="_tableItem_eb8f56"
            >
              290.00
            </td>
            <td
              class="_tableItem_eb8f56"
            >
              Robert Lee
            </td>
            <td
              class="_tableItem_eb8f56"
            >
              created
            </td>
            <td
              class="_tableItem_eb8f56"
            >
              19:38
            </td>
            <td
              class="_tableItem_eb8f56"
            >
              <a
                class="_openOrderLink_eb8f56"
                href="/orders/o13"
              >
                Open
              </a>
            </td>
          </tr>
        </tbody>
      </table>
    </div>
  </div>
</body>
`;
