// Vitest Snapshot v1, https://vitest.dev/guide/snapshot.html

exports[`<Navigation /> > it should contain all the navigation links by default 1`] = `
<body>
  <div>
    <aside
      class="_navigationContainer_1558d5"
    >
      <nav
        class="_navigation_1558d5"
      >
        <a
          class=""
          href="/"
        >
          Tickets
        </a>
        <a
          class=""
          href="/orders"
        >
          Orders
        </a>
        <a
          class=""
          href="/users"
        >
          Users
        </a>
        <a
          class="_marginTopAuto_1558d5"
          href="/auth/signout"
        >
          Sign out
        </a>
      </nav>
    </aside>
  </div>
</body>
`;
