// Vitest Snapshot v1, https://vitest.dev/guide/snapshot.html

exports[`<ProfileIcon /> > it should render profile icon component as expected 1`] = `
<body>
  <div>
    <div
      style="border: 1px solid white; border-radius: 50%; width: 40px; height: 40px; display: flex; background: black; color: lightsteelblue;"
    >
      <p
        style="margin: auto;"
      >
        MJ
      </p>
    </div>
  </div>
</body>
`;
