// Vitest Snapshot v1, https://vitest.dev/guide/snapshot.html

exports[`<AppLayout /> > it should match a snapshot when rendered by default 1`] = `
<body>
  <div>
    <div
      class="_app_fb33d5"
    >
      Header Component
      <main
        class="_main_fb33d5"
      >
        Component
      </main>
      Footer Component
      <section
        aria-atomic="false"
        aria-label="Notifications Alt+T"
        aria-live="polite"
        aria-relevant="additions text"
        class="Toastify"
      />
    </div>
  </div>
</body>
`;
