// Vitest Snapshot v1, https://vitest.dev/guide/snapshot.html

exports[`<TicketCard /> > it should match snapshot when rendered by default 1`] = `
<body>
  <div>
    <a
      class="_ticketCard_e6793d"
      href="/tickets/t1"
    >
      <img
        alt="Ticket cover photo"
        class="_coverPhoto_e6793d"
        data-nimg="1"
        decoding="async"
        height="200"
        loading="lazy"
        src="/_next/image?url=%2Fassets%2Fimages%2Fcover.png&w=640&q=75"
        srcset="/_next/image?url=%2Fassets%2Fimages%2Fcover.png&w=384&q=75 1x, /_next/image?url=%2Fassets%2Fimages%2Fcover.png&w=640&q=75 2x"
        style="color: transparent;"
        width="300"
      />
      <div
        class="_ticketContent_e6793d"
      >
        <h4
          class="_ticketTitle_e6793d"
        >
          NBA Finals Game 7
        </h4>
        <div
          class="_ticketPrice_e6793d"
        >
          <p>
            $
            450.00
          </p>
        </div>
        <div
          class="_ticketSeller_e6793d"
        >
          <p>
            Seller: 
            Ante Rade
          </p>
        </div>
        <span
          class="_ticketCategory_e6793d"
        >
          sport game
        </span>
      </div>
    </a>
  </div>
</body>
`;
